// Jest Snapshot v1, https://goo.gl/fbAQLP

exports[`Notice should match snapshot 1`] = `
<div
  className="components-notice is-example is-dismissible"
  role="alert"
>
  <div
    className="components-notice__content"
  />
  <IconButton
    className="components-notice__dismiss"
    icon="no"
    label="Dismiss this notice"
    onClick={[Function]}
    tooltip={false}
  />
</div>
`;
